SQL> SELECT TABLE_NAME FROM USER_TABLES
  2  ;

TABLE_NAME                                                                      
------------------------------------------------------------                    
ICOL$                                                                           
IND$                                                                            
COL$                                                                            
CLU$                                                                            
TAB$                                                                            
LOB$                                                                            
COLTYPE$                                                                        
SUBCOLTYPE$                                                                     
NTAB$                                                                           
REFCON$                                                                         
OPQTYPE$                                                                        

TABLE_NAME                                                                      
------------------------------------------------------------                    
ICOLDEP$                                                                        
VIEWTRCOL$                                                                      
LIBRARY$                                                                        
ASSEMBLY$                                                                       
ATTRCOL$                                                                        
TYPE_MISC$                                                                      
TS$                                                                             
FET$                                                                            
UET$                                                                            
SEG$                                                                            
USER$                                                                           

TABLE_NAME                                                                      
------------------------------------------------------------                    
TSQ$                                                                            
UNDO$                                                                           
FILE$                                                                           
OBJ$                                                                            
PROXY_DATA$                                                                     
PROXY_ROLE_DATA$                                                                
CON$                                                                            
CCOL$                                                                           
CDEF$                                                                           
BOOTSTRAP$                                                                      
OBJERROR$                                                                       

TABLE_NAME                                                                      
------------------------------------------------------------                    
OBJAUTH$                                                                        
UGROUP$                                                                         
SYN$                                                                            
VIEW$                                                                           
TYPED_VIEW$                                                                     
SUPEROBJ$                                                                       
SEQ$                                                                            
PROPS$                                                                          
EDITION$                                                                        
FIXED_OBJ$                                                                      
MIGRATE$                                                                        

TABLE_NAME                                                                      
------------------------------------------------------------                    
DEPENDENCY$                                                                     
ACCESS$                                                                         
VIEWCON$                                                                        
DUAL                                                                            
SYSAUTH$                                                                        
OBJPRIV$                                                                        
DEFROLE$                                                                        
ECOL$                                                                           
EV$                                                                             
EVCOL$                                                                          
DEFERRED_STG$                                                                   

TABLE_NAME                                                                      
------------------------------------------------------------                    
SQLERROR$                                                                       
LINK$                                                                           
TRUSTED_LIST$                                                                   
COM$                                                                            
DUC$                                                                            
RECYCLEBIN$                                                                     
IND_ONLINE$                                                                     
CONTEXT$                                                                        
SQL_VERSION$                                                                    
JIJOIN$                                                                         
JIREFRESHSQL$                                                                   

TABLE_NAME                                                                      
------------------------------------------------------------                    
TRIGGER$                                                                        
TRIGGERCOL$                                                                     
TRIGGERJAVAF$                                                                   
TRIGGERJAVAS$                                                                   
TRIGGERJAVAC$                                                                   
TRIGGERJAVAM$                                                                   
TRIGGERDEP$                                                                     
INDREBUILD$                                                                     
COMPRESSION$                                                                    
TRANSIENT_IOT$                                                                  
SMB$CONFIG                                                                      

TABLE_NAME                                                                      
------------------------------------------------------------                    
SQL$                                                                            
SQL$TEXT                                                                        
SQLOBJ$AUXDATA                                                                  
OBJECT_USAGE                                                                    
PROCEDURE$                                                                      
PROCEDUREINFO$                                                                  
ARGUMENT$                                                                       
SOURCE$                                                                         
IDL_UB1$                                                                        
IDL_CHAR$                                                                       
IDL_UB2$                                                                        

TABLE_NAME                                                                      
------------------------------------------------------------                    
IDL_SB4$                                                                        
ERROR$                                                                          
SETTINGS$                                                                       
NCOMP_DLL$                                                                      
PROCEDUREJAVA$                                                                  
PROCEDUREC$                                                                     
PROCEDUREPLSQL$                                                                 
WARNING_SETTINGS$                                                               
DIANA_VERSION$                                                                  
PLSCOPE_IDENTIFIER$                                                             
PLSCOPE_ACTION$                                                                 

TABLE_NAME                                                                      
------------------------------------------------------------                    
PENDING_TRANS$                                                                  
PENDING_SESSIONS$                                                               
PENDING_SUB_SESSIONS$                                                           
SMON_SCN_TIME                                                                   
MAP_FILE$                                                                       
MAP_FILE_EXTENT$                                                                
MAP_SUBELEMENT$                                                                 
MAP_ELEMENT$                                                                    
MAP_EXTELEMENT$                                                                 
MAP_COMPLIST$                                                                   
PROFILE$                                                                        

TABLE_NAME                                                                      
------------------------------------------------------------                    
PROFNAME$                                                                       
RESOURCE_COST$                                                                  
JOB$                                                                            
RESOURCE_MAP                                                                    
USER_ASTATUS_MAP                                                                
RESOURCE_PLAN$                                                                  
RESOURCE_CONSUMER_GROUP$                                                        
RESOURCE_CATEGORY$                                                              
RESOURCE_PLAN_DIRECTIVE$                                                        
RESOURCE_GROUP_MAPPING$                                                         
RESOURCE_MAPPING_PRIORITY$                                                      

TABLE_NAME                                                                      
------------------------------------------------------------                    
RESOURCE_STORAGE_POOL_MAPPING$                                                  
RESOURCE_CAPABILITY$                                                            
RESOURCE_INSTANCE_CAPABILITY$                                                   
RESOURCE_IO_CALIBRATE$                                                          
TSM_SRC$                                                                        
TSM_DST$                                                                        
SERVICE$                                                                        
DIR$MIGRATE_OPERATIONS                                                          
DIR$SERVICE_OPERATIONS                                                          
DIR$ESCALATE_OPERATIONS                                                         
DIR$QUIESCE_OPERATIONS                                                          

TABLE_NAME                                                                      
------------------------------------------------------------                    
DIR$INSTANCE_ACTIONS                                                            
DIR$RESONATE_OPERATIONS                                                         
DIR$ALERT_HISTORY                                                               
DIR$REASON_STRINGS                                                              
DIR$DATABASE_ATTRIBUTES                                                         
DIR$VICTIM_POLICY                                                               
DIR$NODE_ATTRIBUTES                                                             
DIR$SERVICE_ATTRIBUTES                                                          
_default_auditing_options_                                                      
AUDIT$                                                                          
SYSTEM_PRIVILEGE_MAP                                                            

TABLE_NAME                                                                      
------------------------------------------------------------                    
TABLE_PRIVILEGE_MAP                                                             
STMT_AUDIT_OPTION_MAP                                                           
USER_HISTORY$                                                                   
RLS$                                                                            
RLS_SC$                                                                         
RLS_GRP$                                                                        
RLS_CTX$                                                                        
AUD$                                                                            
FGA$                                                                            
FGACOL$                                                                         
FGA_LOG$                                                                        

TABLE_NAME                                                                      
------------------------------------------------------------                    
APPROLE$                                                                        
ENC$                                                                            
PROXY_INFO$                                                                     
PROXY_ROLE_INFO$                                                                
XS$VERIFIERS                                                                    
XS$SESSIONS                                                                     
XS$SESSION_ROLES                                                                
XS$SESSION_APPNS                                                                
XS$PARAMETERS                                                                   
DEFAULT_PWD$                                                                    
HISTGRM$                                                                        

TABLE_NAME                                                                      
------------------------------------------------------------                    
HIST_HEAD$                                                                      
AUX_STATS$                                                                      
TAB_STATS$                                                                      
IND_STATS$                                                                      
CACHE_STATS_1$                                                                  
CACHE_STATS_0$                                                                  
ASSOCIATION$                                                                    
USTATS$                                                                         
STATS_TARGET$                                                                   
COL_USAGE$                                                                      
MON_MODS$                                                                       

TABLE_NAME                                                                      
------------------------------------------------------------                    
MON_MODS_ALL$                                                                   
WRI$_OPTSTAT_TAB_HISTORY                                                        
WRI$_OPTSTAT_IND_HISTORY                                                        
WRI$_OPTSTAT_HISTHEAD_HISTORY                                                   
WRI$_OPTSTAT_HISTGRM_HISTORY                                                    
WRI$_OPTSTAT_AUX_HISTORY                                                        
WRI$_OPTSTAT_OPR                                                                
OPTSTAT_HIST_CONTROL$                                                           
OPTSTAT_USER_PREFS$                                                             
DIR$                                                                            
ID_GENS$                                                                        

TABLE_NAME                                                                      
------------------------------------------------------------                    
OID$                                                                            
TYPE$                                                                           
COLLECTION$                                                                     
ATTRIBUTE$                                                                      
METHOD$                                                                         
PARAMETER$                                                                      
RESULT$                                                                         
TYPEHIERARCHY$                                                                  
KOPM$                                                                           
VTABLE$                                                                         
OPBINDING$                                                                      

TABLE_NAME                                                                      
------------------------------------------------------------                    
OPANCILLARY$                                                                    
OPARG$                                                                          
OPERATOR$                                                                       
INDTYPES$                                                                       
INDOP$                                                                          
INDARRAYTYPE$                                                                   
SECOBJ$                                                                         
JAVAOBJ$                                                                        
JAVASNM$                                                                        
PARTOBJ$                                                                        
PARTCOL$                                                                        

TABLE_NAME                                                                      
------------------------------------------------------------                    
TABPART$                                                                        
INDPART$                                                                        
SUBPARTCOL$                                                                     
TABSUBPART$                                                                     
INDSUBPART$                                                                     
TABCOMPART$                                                                     
INDCOMPART$                                                                     
PARTLOB$                                                                        
LOBFRAG$                                                                        
LOBCOMPPART$                                                                    
DEFSUBPART$                                                                     

TABLE_NAME                                                                      
------------------------------------------------------------                    
DEFSUBPARTLOB$                                                                  
INDPART_PARAM$                                                                  
INSERT_TSN_LIST$                                                                
SUMPARTLOG$                                                                     
SUMDELTA$                                                                       
SNAP_LOGDEP$                                                                    
SNAP_LOADERTIME$                                                                
MLOG$                                                                           
SLOG$                                                                           
SNAP_XCMT$                                                                      
SNAP$                                                                           

TABLE_NAME                                                                      
------------------------------------------------------------                    
SNAP_REFTIME$                                                                   
MLOG_REFCOL$                                                                    
SNAP_REFOP$                                                                     
SNAP_COLMAP$                                                                    
SNAP_OBJCOL$                                                                    
REG_SNAP$                                                                       
SNAP_SITE$                                                                      
RGROUP$                                                                         
RGCHILD$                                                                        
CDC_SYSTEM$                                                                     
CDC_CHANGE_SOURCES$                                                             

TABLE_NAME                                                                      
------------------------------------------------------------                    
CDC_CHANGE_SETS$                                                                
CDC_CHANGE_TABLES$                                                              
CDC_SUBSCRIBERS$                                                                
CDC_SUBSCRIBED_TABLES$                                                          
CDC_SUBSCRIBED_COLUMNS$                                                         
CDC_CHANGE_COLUMNS$                                                             
CDC_PROPAGATIONS$                                                               
CDC_PROPAGATED_SETS$                                                            
STREAMS$_SPLIT_MERGE                                                            
STREAMS$_CAPTURE_SERVER                                                         
STREAMS$_CAPTURE_PROCESS                                                        

TABLE_NAME                                                                      
------------------------------------------------------------                    
STREAMS$_APPLY_PROCESS                                                          
STREAMS$_PROPAGATION_PROCESS                                                    
STREAMS$_PROCESS_PARAMS                                                         
STREAMS$_EXTRA_ATTRS                                                            
STREAMS$_PREPARE_OBJECT                                                         
STREAMS$_PREPARE_DDL                                                            
STREAMS$_APPLY_MILESTONE                                                        
STREAMS$_APPLY_PROGRESS                                                         
STREAMS$_KEY_COLUMNS                                                            
STREAMS$_DEF_PROC                                                               
STREAMS$_RULES                                                                  

TABLE_NAME                                                                      
------------------------------------------------------------                    
APPLY$_SOURCE_OBJ                                                               
APPLY$_SOURCE_SCHEMA                                                            
APPLY$_VIRTUAL_OBJ_CONS                                                         
APPLY$_CONSTRAINT_COLUMNS                                                       
APPLY$_DEST_OBJ                                                                 
APPLY$_DEST_OBJ_CMAP                                                            
APPLY$_DEST_OBJ_OPS                                                             
STREAMS$_STMT_HANDLERS                                                          
STREAMS$_STMT_HANDLER_STMTS                                                     
APPLY$_CHANGE_HANDLERS                                                          
APPLY$_ERROR                                                                    

TABLE_NAME                                                                      
------------------------------------------------------------                    
APPLY$_ERROR_TXN                                                                
APPLY$_ERROR_HANDLER                                                            
APPLY$_CONF_HDLR_COLUMNS                                                        
STREAMS$_DEST_OBJS                                                              
STREAMS$_DEST_OBJ_COLS                                                          
STREAMS$_PRIVILEGED_USER                                                        
STREAMS$_MESSAGE_RULES                                                          
STREAMS$_MESSAGE_CONSUMERS                                                      
STREAMS$_APPLY_SPILL_TXN                                                        
STREAMS$_APPLY_SPILL_TXN_LIST                                                   
FGR$_FILE_GROUPS                                                                

TABLE_NAME                                                                      
------------------------------------------------------------                    
FGR$_FILE_GROUP_VERSIONS                                                        
FGR$_FILE_GROUP_EXPORT_INFO                                                     
FGR$_FILE_GROUP_FILES                                                           
FGR$_TABLESPACE_INFO                                                            
FGR$_TABLE_INFO                                                                 
REDEF$                                                                          
REDEF_OBJECT$                                                                   
REDEF_DEP_ERROR$                                                                
RULESET$                                                                        
LOG$                                                                            
RECO_SCRIPT$                                                                    

TABLE_NAME                                                                      
------------------------------------------------------------                    
RECO_SCRIPT_PARAMS$                                                             
RECO_SCRIPT_BLOCK$                                                              
RECO_SCRIPT_ERROR$                                                              
COMPARISON$                                                                     
COMPARISON_COL$                                                                 
COMPARISON_SCAN$                                                                
COMPARISON_SCAN_VAL$                                                            
COMPARISON_ROW_DIF$                                                             
STREAMS$_COMPONENT                                                              
STREAMS$_COMPONENT_LINK                                                         
STREAMS$_COMPONENT_PROP                                                         

TABLE_NAME                                                                      
------------------------------------------------------------                    
STREAMS$_DATABASE                                                               
XSTREAM$_SERVER                                                                 
XSTREAM$_SUBSET_RULES                                                           
XSTREAM$_SYSGEN_OBJS                                                            
XSTREAM$_PARAMETERS                                                             
XSTREAM$_DML_CONFLICT_HANDLER                                                   
XSTREAM$_SERVER_CONNECTION                                                      
XSTREAM$_DDL_CONFLICT_HANDLER                                                   
XSTREAM$_MAP                                                                    
GOLDENGATE$_PRIVILEGES                                                          
AW$                                                                             

TABLE_NAME                                                                      
------------------------------------------------------------                    
PS$                                                                             
AW_OBJ$                                                                         
AW_PROP$                                                                        
AW_TRACK$                                                                       
AW_PRG$                                                                         
OLAP_MAPPINGS$                                                                  
OLAP_MODELS$                                                                    
OLAP_MODEL_PARENTS$                                                             
OLAP_MODEL_ASSIGNMENTS$                                                         
OLAP_CALCULATED_MEMBERS$                                                        
OLAP_SYNTAX$                                                                    

TABLE_NAME                                                                      
------------------------------------------------------------                    
OLAP_DESCRIPTIONS$                                                              
OLAP_CUBE_BUILD_PROCESSES$                                                      
OLAP_AW_VIEWS$                                                                  
OLAP_AW_VIEW_COLUMNS$                                                           
OLAP_MEASURE_FOLDERS$                                                           
OLAP_MEAS_FOLDER_CONTENTS$                                                      
OLAP_AW_DEPLOYMENT_CONTROLS$                                                    
OLAP_IMPL_OPTIONS$                                                              
OLAP_MULTI_OPTIONS$                                                             
OLAP_CUBE_DIMENSIONS$                                                           
OLAP_DIM_LEVELS$                                                                

TABLE_NAME                                                                      
------------------------------------------------------------                    
OLAP_ATTRIBUTES$                                                                
OLAP_ATTRIBUTE_VISIBILITY$                                                      
OLAP_HIERARCHIES$                                                               
OLAP_HIER_LEVELS$                                                               
OLAP_CUBES$                                                                     
OLAP_MEASURES$                                                                  
OLAP_DIMENSIONALITY$                                                            
OLAP_TAB$                                                                       
OLAP_TAB_COL$                                                                   
OLAP_TAB_HIER$                                                                  
SUM$                                                                            

TABLE_NAME                                                                      
------------------------------------------------------------                    
SUMDETAIL$                                                                      
SUMINLINE$                                                                      
SUMKEY$                                                                         
SUMAGG$                                                                         
SUMJOIN$                                                                        
SUMDEP$                                                                         
SUMPRED$                                                                        
SUMQB$                                                                          
HIER$                                                                           
HIERLEVEL$                                                                      
DIM$                                                                            

TABLE_NAME                                                                      
------------------------------------------------------------                    
DIMLEVEL$                                                                       
DIMLEVELKEY$                                                                    
DIMJOINKEY$                                                                     
DIMATTR$                                                                        
INCEXP                                                                          
INCVID                                                                          
INCFIL                                                                          
EXPACT$                                                                         
NOEXP$                                                                          
EXPPKGOBJ$                                                                      
EXPPKGACT$                                                                      

TABLE_NAME                                                                      
------------------------------------------------------------                    
EXPDEPOBJ$                                                                      
EXPDEPACT$                                                                      
EXPIMP_TTS_CT$                                                                  
METAVIEW$                                                                       
METAFILTER$                                                                     
METAXSL$                                                                        
METAXSLPARAM$                                                                   
METASTYLESHEET                                                                  
METASCRIPT$                                                                     
METASCRIPTFILTER$                                                               
METANAMETRANS$                                                                  

TABLE_NAME                                                                      
------------------------------------------------------------                    
METAPATHMAP$                                                                    
EXTERNAL_TAB$                                                                   
EXTERNAL_LOCATION$                                                              
MODEL$                                                                          
MODELTAB$                                                                       
MODELATT$                                                                       
MODELSET$                                                                       
LOGMNR_BUILDLOG                                                                 
LOGMNRG_SEED$                                                                   
LOGMNRG_DICTIONARY$                                                             
LOGMNRG_OBJ$                                                                    

TABLE_NAME                                                                      
------------------------------------------------------------                    
LOGMNRG_TAB$                                                                    
LOGMNRG_COL$                                                                    
LOGMNRG_ATTRCOL$                                                                
LOGMNRG_TS$                                                                     
LOGMNRG_IND$                                                                    
LOGMNRG_USER$                                                                   
LOGMNRG_TABPART$                                                                
LOGMNRG_TABSUBPART$                                                             
LOGMNRG_TABCOMPART$                                                             
LOGMNRG_TYPE$                                                                   
LOGMNRG_COLTYPE$                                                                

TABLE_NAME                                                                      
------------------------------------------------------------                    
LOGMNRG_ATTRIBUTE$                                                              
LOGMNRG_LOB$                                                                    
LOGMNRG_CDEF$                                                                   
LOGMNRG_CCOL$                                                                   
LOGMNRG_ICOL$                                                                   
LOGMNRG_LOBFRAG$                                                                
LOGMNRG_INDPART$                                                                
LOGMNRG_INDSUBPART$                                                             
LOGMNRG_INDCOMPART$                                                             
LOGMNRG_LOGMNR_BUILDLOG                                                         
LOGMNRG_NTAB$                                                                   

TABLE_NAME                                                                      
------------------------------------------------------------                    
LOGMNRG_OPQTYPE$                                                                
LOGMNRG_SUBCOLTYPE$                                                             
LOGMNRG_KOPM$                                                                   
LOGMNRG_PROPS$                                                                  
LOGMNRG_ENC$                                                                    
LOGMNRG_REFCON$                                                                 
LOGMNRG_PARTOBJ$                                                                
DST$AFFECTED_TABLES                                                             
DST$ERROR_TABLE                                                                 
DST$TRIGGER_TABLE                                                               
SYS_FBA_FA                                                                      

TABLE_NAME                                                                      
------------------------------------------------------------                    
SYS_FBA_TSFA                                                                    
SYS_FBA_BARRIERSCN                                                              
SYS_FBA_TRACKEDTABLES                                                           
SYS_FBA_PARTITIONS                                                              
SYS_FBA_USERS                                                                   
SYS_FBA_DL                                                                      
REGISTRY$                                                                       
REGISTRY$SCHEMAS                                                                
REGISTRY$LOG                                                                    
REGISTRY$ERROR                                                                  
REGISTRY$HISTORY                                                                

TABLE_NAME                                                                      
------------------------------------------------------------                    
REGISTRY$PROGRESS                                                               
REGISTRY$DEPENDENCIES                                                           
REGISTRY$DATABASE                                                               
AUDIT_ACTIONS                                                                   
WRI$_SEGADV_OBJLIST                                                             
WRI$_SEGADV_CNTRLTAB                                                            
WRI$_REPT_COMPONENTS                                                            
WRI$_REPT_REPORTS                                                               
WRI$_REPT_FILES                                                                 
WRI$_REPT_FORMATS                                                               
TRANSACTION_BACKOUT_STATE$                                                      

TABLE_NAME                                                                      
------------------------------------------------------------                    
TRANSACTION_BACKOUT_REPORT$                                                     
UTL_RECOMP_ERRORS                                                               
TRANSFORMATIONS$                                                                
ATTRIBUTE_TRANSFORMATIONS$                                                      
RULE_SET_IEUAC$                                                                 
RULE_SET$                                                                       
RULE$                                                                           
RULE_MAP$                                                                       
RULE_EC$                                                                        
REC_TAB$                                                                        
REC_VAR$                                                                        

TABLE_NAME                                                                      
------------------------------------------------------------                    
RULE_SET_EE$                                                                    
RULE_SET_TE$                                                                    
RULE_SET_VE$                                                                    
RULE_SET_RE$                                                                    
RULE_SET_ROR$                                                                   
RULE_SET_FOB$                                                                   
RULE_SET_NL$                                                                    
SYS_IOT_OVER_5229                                                               
RULE_SET_RDEP$                                                                  
SYS_IOT_OVER_5235                                                               
SYS_IOT_OVER_5239                                                               

TABLE_NAME                                                                      
------------------------------------------------------------                    
DAM_PARAM_TAB$                                                                  
DAM_CONFIG_PARAM$                                                               
DAM_LAST_ARCH_TS$                                                               
DAM_CLEANUP_JOBS$                                                               
DAM_CLEANUP_EVENTS$                                                             
INVALIDATION_REGISTRY$                                                          
SYS_IOT_OVER_5476                                                               
CHNF$_CLAUSE_DEPENDENTS                                                         
CHNF$_QUERY_OBJECT                                                              
CHNF$_REG_QUERIES                                                               
CHNF$_QUERIES                                                                   

TABLE_NAME                                                                      
------------------------------------------------------------                    
CHNF$_QUERY_BINDS                                                               
SYS_IOT_OVER_5511                                                               
CHNF$_QUERY_DEPENDENCIES                                                        
CHNFDIRECTLOAD$                                                                 
CPOOL$                                                                          
SSCR_CAP$                                                                       
SSCR_RES$                                                                       
REG$                                                                            
LOC$                                                                            
AQ$_REPLAY_INFO                                                                 
AQ$_QUEUE_TABLE_AFFINITIES                                                      

TABLE_NAME                                                                      
------------------------------------------------------------                    
AQ$_SUBSCRIBER_TABLE                                                            
AQ$_SCHEDULES                                                                   
AQ$_MESSAGE_TYPES                                                               
AQ$_PROPAGATION_STATUS                                                          
AQ$_PENDING_MESSAGES                                                            
AQ$_QUEUE_STATISTICS                                                            
AQ$_PUBLISHER                                                                   
SYS_IOT_OVER_5779                                                               
WRI$_ADV_DEFINITIONS                                                            
WRI$_ADV_DEF_PARAMETERS                                                         
WRI$_ADV_DEF_EXEC_TYPES                                                         

TABLE_NAME                                                                      
------------------------------------------------------------                    
WRI$_ADV_TASKS                                                                  
WRI$_ADV_PARAMETERS                                                             
WRI$_ADV_EXECUTIONS                                                             
WRI$_ADV_EXEC_PARAMETERS                                                        
WRI$_ADV_OBJECTS                                                                
WRI$_ADV_FINDINGS                                                               
WRI$_ADV_INST_FDG                                                               
WRI$_ADV_RECOMMENDATIONS                                                        
WRI$_ADV_ACTIONS                                                                
WRI$_ADV_RATIONALE                                                              
WRI$_ADV_REC_ACTIONS                                                            

TABLE_NAME                                                                      
------------------------------------------------------------                    
WRI$_ADV_DIRECTIVE_DEFS                                                         
WRI$_ADV_DIRECTIVE_META                                                         
WRI$_ADV_DIRECTIVE_INSTANCES                                                    
WRI$_ADV_JOURNAL                                                                
WRI$_ADV_MESSAGE_GROUPS                                                         
WRI$_ADV_SQLT_PLAN_HASH                                                         
WRI$_ADV_SQLT_PLAN_STATS                                                        
WRI$_ADV_SQLT_PLANS                                                             
WRI$_ADV_USAGE                                                                  
WRI$_ADV_ADDM_TASKS                                                             
WRI$_ADV_ADDM_INST                                                              

TABLE_NAME                                                                      
------------------------------------------------------------                    
WRI$_ADV_ADDM_FDG                                                               
SCHEDULER$_PROGRAM                                                              
SCHEDULER$_CLASS                                                                
SCHEDULER$_JOB                                                                  
SCHEDULER$_SAVED_OIDS                                                           
SCHEDULER$_LWJOB_OBJ                                                            
SCHEDULER$_LIGHTWEIGHT_JOB                                                      
SCHEDULER$_JOB_ARGUMENT                                                         
SCHEDULER$_WINDOW                                                               
SCHEDULER$_PROGRAM_ARGUMENT                                                     
SCHEDULER$_SRCQ_INFO                                                            

TABLE_NAME                                                                      
------------------------------------------------------------                    
SCHEDULER$_SRCQ_MAP                                                             
SCHEDULER$_EVTQ_SUB                                                             
SCHEDULER$_EVENT_LOG                                                            
SCHEDULER$_JOB_RUN_DETAILS                                                      
SCHEDULER$_WINDOW_DETAILS                                                       
SCHEDULER$_WINDOW_GROUP                                                         
SCHEDULER$_WINGRP_MEMBER                                                        
SCHEDULER$_SCHEDULE                                                             
SCHEDULER$_CHAIN                                                                
SCHEDULER$_STEP                                                                 
SCHEDULER$_STEP_STATE                                                           

TABLE_NAME                                                                      
------------------------------------------------------------                    
SCHEDULER$_GLOBAL_ATTRIBUTE                                                     
SCHEDULER$_CREDENTIAL                                                           
SCHEDULER$_RJOB_SRC_DB_INFO                                                     
SCHEDULER$_REMOTE_DBS                                                           
SCHEDULER$_REMOTE_JOB_STATE                                                     
SCHEDULER$_FILE_WATCHER                                                         
SCHEDULER$_FILEWATCHER_HISTORY                                                  
SCHEDULER$_FILEWATCHER_RESEND                                                   
SCHEDULER$_NOTIFICATION                                                         
SCHEDULER$_DESTINATIONS                                                         
SCHEDULER$_JOB_DESTINATIONS                                                     

TABLE_NAME                                                                      
------------------------------------------------------------                    
KU_NOEXP_TAB                                                                    
KU_UTLUSE                                                                       
CRC$_RESULT_CACHE_STATS                                                         
WRI$_DBU_FEATURE_USAGE                                                          
WRI$_DBU_FEATURE_METADATA                                                       
WRI$_DBU_HIGH_WATER_MARK                                                        
WRI$_DBU_HWM_METADATA                                                           
WRI$_DBU_USAGE_SAMPLE                                                           
WRI$_DBU_CPU_USAGE                                                              
WRI$_DBU_CPU_USAGE_SAMPLE                                                       
WRI$_ALERT_OUTSTANDING                                                          

TABLE_NAME                                                                      
------------------------------------------------------------                    
WRI$_ALERT_HISTORY                                                              
WRI$_ALERT_THRESHOLD                                                            
WRI$_ALERT_THRESHOLD_LOG                                                        
KET$_AUTOTASK_STATUS                                                            
KET$_CLIENT_CONFIG                                                              
KET$_CLIENT_TASKS                                                               
WRI$_TRACING_ENABLED                                                            
WRI$_AGGREGATION_ENABLED                                                        
WRI$_ADV_SQLT_BINDS                                                             
WRI$_ADV_SQLT_STATISTICS                                                        
WRI$_ADV_SQLT_RTN_PLAN                                                          

TABLE_NAME                                                                      
------------------------------------------------------------                    
WRI$_SQLSET_DEFINITIONS                                                         
WRI$_SQLSET_REFERENCES                                                          
WRI$_SQLSET_STATEMENTS                                                          
WRI$_SQLSET_PLANS                                                               
WRI$_SQLSET_STATISTICS                                                          
WRI$_SQLSET_MASK                                                                
WRI$_SQLSET_PLAN_LINES                                                          
WRI$_SQLSET_BINDS                                                               
WRI$_SQLSET_WORKSPACE                                                           
WRI$_SQLSET_WORKSPACE_PLANS                                                     
WRI$_SQLMON_USAGE                                                               

TABLE_NAME                                                                      
------------------------------------------------------------                    
WRH$_FILESTATXS_BL                                                              
WRH$_TEMPSTATXS                                                                 
WRH$_DATAFILE                                                                   
WRH$_TEMPFILE                                                                   
WRH$_COMP_IOSTAT                                                                
WRH$_IOSTAT_FUNCTION                                                            
WRH$_IOSTAT_FUNCTION_NAME                                                       
WRH$_IOSTAT_FILETYPE                                                            
WRH$_IOSTAT_FILETYPE_NAME                                                       
WRH$_IOSTAT_DETAIL                                                              
WRH$_SQLSTAT_BL                                                                 

TABLE_NAME                                                                      
------------------------------------------------------------                    
WRH$_SQLTEXT                                                                    
WRI$_SQLTEXT_REFCOUNT                                                           
WRH$_SQL_SUMMARY                                                                
WRH$_SQL_PLAN                                                                   
WRH$_SQL_BIND_METADATA                                                          
WRH$_OPTIMIZER_ENV                                                              
WRH$_SYSTEM_EVENT_BL                                                            
WRH$_EVENT_NAME                                                                 
WRH$_LATCH_NAME                                                                 
WRH$_BG_EVENT_SUMMARY                                                           
WRH$_WAITSTAT_BL                                                                

TABLE_NAME                                                                      
------------------------------------------------------------                    
WRH$_ENQUEUE_STAT                                                               
WRH$_LATCH_BL                                                                   
WRH$_LATCH_CHILDREN_BL                                                          
WRH$_LATCH_PARENT_BL                                                            
WRH$_LATCH_MISSES_SUMMARY_BL                                                    
WRH$_EVENT_HISTOGRAM_BL                                                         
WRH$_MUTEX_SLEEP                                                                
WRH$_LIBRARYCACHE                                                               
WRH$_DB_CACHE_ADVICE_BL                                                         
WRH$_BUFFER_POOL_STATISTICS                                                     
WRH$_ROWCACHE_SUMMARY_BL                                                        

TABLE_NAME                                                                      
------------------------------------------------------------                    
WRH$_SGA                                                                        
WRH$_SGASTAT_BL                                                                 
WRH$_PGASTAT                                                                    
WRH$_PROCESS_MEMORY_SUMMARY                                                     
WRH$_RESOURCE_LIMIT                                                             
WRH$_SHARED_POOL_ADVICE                                                         
WRH$_STREAMS_POOL_ADVICE                                                        
WRH$_SQL_WORKAREA_HISTOGRAM                                                     
WRH$_PGA_TARGET_ADVICE                                                          
WRH$_SGA_TARGET_ADVICE                                                          
WRH$_MEMORY_TARGET_ADVICE                                                       

TABLE_NAME                                                                      
------------------------------------------------------------                    
WRH$_MEMORY_RESIZE_OPS                                                          
WRH$_INSTANCE_RECOVERY                                                          
WRH$_JAVA_POOL_ADVICE                                                           
WRH$_THREAD                                                                     
WRH$_SYSSTAT_BL                                                                 
WRH$_SYS_TIME_MODEL_BL                                                          
WRH$_OSSTAT_BL                                                                  
WRH$_PARAMETER_BL                                                               
WRH$_MVPARAMETER_BL                                                             
WRH$_STAT_NAME                                                                  
WRH$_OSSTAT_NAME                                                                

TABLE_NAME                                                                      
------------------------------------------------------------                    
WRH$_PARAMETER_NAME                                                             
WRH$_PLAN_OPERATION_NAME                                                        
WRH$_PLAN_OPTION_NAME                                                           
WRH$_SQLCOMMAND_NAME                                                            
WRH$_TOPLEVELCALL_NAME                                                          
WRH$_UNDOSTAT                                                                   
WRH$_SEG_STAT_BL                                                                
WRH$_SEG_STAT_OBJ                                                               
WRH$_METRIC_NAME                                                                
WRH$_SYSMETRIC_HISTORY                                                          
WRH$_SYSMETRIC_SUMMARY                                                          

TABLE_NAME                                                                      
------------------------------------------------------------                    
WRH$_SESSMETRIC_HISTORY                                                         
WRH$_FILEMETRIC_HISTORY                                                         
WRH$_WAITCLASSMETRIC_HISTORY                                                    
WRH$_DLM_MISC_BL                                                                
WRH$_CR_BLOCK_SERVER                                                            
WRH$_CURRENT_BLOCK_SERVER                                                       
WRH$_INST_CACHE_TRANSFER_BL                                                     
WRH$_ACTIVE_SESSION_HISTORY_BL                                                  
WRH$_TABLESPACE_STAT_BL                                                         
WRH$_LOG                                                                        
WRH$_MTTR_TARGET_ADVICE                                                         

TABLE_NAME                                                                      
------------------------------------------------------------                    
WRH$_TABLESPACE                                                                 
WRH$_TABLESPACE_SPACE_USAGE                                                     
WRH$_SERVICE_NAME                                                               
WRH$_SERVICE_STAT_BL                                                            
WRH$_SERVICE_WAIT_CLASS_BL                                                      
WRH$_SESS_TIME_STATS                                                            
WRH$_STREAMS_CAPTURE                                                            
WRH$_STREAMS_APPLY_SUM                                                          
WRH$_BUFFERED_QUEUES                                                            
WRH$_BUFFERED_SUBSCRIBERS                                                       
WRH$_PERSISTENT_QUEUES                                                          

TABLE_NAME                                                                      
------------------------------------------------------------                    
WRH$_PERSISTENT_SUBSCRIBERS                                                     
WRH$_RULE_SET                                                                   
WRI$_SCH_CONTROL                                                                
WRI$_SCH_VOTES                                                                  
WRH$_RSRC_CONSUMER_GROUP                                                        
WRH$_RSRC_PLAN                                                                  
WRH$_CLUSTER_INTERCON                                                           
WRH$_IC_DEVICE_STATS                                                            
WRH$_IC_CLIENT_STATS                                                            
WRH$_MEM_DYNAMIC_COMP                                                           
WRH$_INTERCONNECT_PINGS_BL                                                      

TABLE_NAME                                                                      
------------------------------------------------------------                    
WRH$_DISPATCHER                                                                 
WRH$_SHARED_SERVER_SUMMARY                                                      
WRH$_DYN_REMASTER_STATS                                                         
WRH$_PERSISTENT_QMN_CACHE                                                       
WRM$_WR_USAGE                                                                   
WRM$_DATABASE_INSTANCE                                                          
WRM$_SNAPSHOT                                                                   
WRM$_SNAPSHOT_DETAILS                                                           
WRM$_SNAP_ERROR                                                                 
WRM$_BASELINE                                                                   
WRM$_COLORED_SQL                                                                

TABLE_NAME                                                                      
------------------------------------------------------------                    
WRM$_BASELINE_DETAILS                                                           
WRM$_BASELINE_TEMPLATE                                                          
WRM$_WR_CONTROL                                                                 
WRR$_FILTERS                                                                    
WRR$_CAPTURES                                                                   
WRR$_CAPTURE_STATS                                                              
WRR$_CAPTURE_UC_GRAPH                                                           
WRR$_REPLAYS                                                                    
WRR$_REPLAY_STATS                                                               
WRR$_REPLAY_DIVERGENCE                                                          
WRR$_REPLAY_UC_GRAPH                                                            

TABLE_NAME                                                                      
------------------------------------------------------------                    
WRR$_CONNECTION_MAP                                                             
WRR$_REPLAY_SQL_TEXT                                                            
WRR$_REPLAY_SQL_BINDS                                                           
WRR$_SEQUENCE_EXCEPTIONS                                                        
WRR$_REPLAY_CALL_FILTER                                                         
WRR$_REPLAY_FILTER_SET                                                          
WRR$_REPLAY_DEP_GRAPH                                                           
WRR$_REPLAY_COMMITS                                                             
WRR$_REPLAY_REFERENCES                                                          
WRI$_ADV_SQLW_SUM                                                               
WRI$_ADV_SQLW_STMTS                                                             

TABLE_NAME                                                                      
------------------------------------------------------------                    
WRI$_ADV_SQLW_TABLES                                                            
WRI$_ADV_SQLW_TABVOL                                                            
WRI$_ADV_SQLW_COLVOL                                                            
WRI$_ADV_SQLA_MAP                                                               
WRI$_ADV_SQLA_SUM                                                               
WRI$_ADV_SQLA_STMTS                                                             
WRI$_ADV_SQLA_TABLES                                                            
WRI$_ADV_SQLA_TABVOL                                                            
WRI$_ADV_SQLA_COLVOL                                                            
WRI$_ADV_SQLA_TMP                                                               
WRI$_ADV_SQLA_FAKE_REG                                                          

TABLE_NAME                                                                      
------------------------------------------------------------                    
DBMS_PARALLEL_EXECUTE_TASK$                                                     
DBMS_PARALLEL_EXECUTE_CHUNKS$                                                   
DBFS$_STORES                                                                    
DBFS$_MOUNTS                                                                    
DBFS$_STATS                                                                     
DBFS_SFS$_TAB                                                                   
DBFS_SFS$_VOL                                                                   
DBFS_SFS$_SNAP                                                                  
DBFS_SFS$_FS                                                                    
DBFS_SFS$_FST                                                                   
DBFS_SFS$_FSTP                                                                  

TABLE_NAME                                                                      
------------------------------------------------------------                    
DBFS_SFS$_FSTO                                                                  
DBFS_HS$_FS                                                                     
DBFS_HS$_PROPERTY                                                               
DBFS_HS$_SFLOCATORTABLE                                                         
DBFS_HS$_BACKUPFILETABLE                                                        
DBFS_HS$_CONTENTFNMAPTBL                                                        
DBFS_HS$_STORECOMMANDS                                                          
DBFS_HS$_STOREID2POLICYCTX                                                      
DBFS_HS$_STOREPROPERTIES                                                        
DBFS_HS$_STOREIDTABLE                                                           
SQL_TK_COLL_CHK$                                                                

TABLE_NAME                                                                      
------------------------------------------------------------                    
SQL_TK_ROW_CHK$                                                                 
SQL_TK_REF_CHK$                                                                 
SQL_TK_TAB_DESC$                                                                
WRI$_OPTSTAT_SYNOPSIS_PARTGRP                                                   
WRI$_OPTSTAT_SYNOPSIS_HEAD$                                                     
STREAMS$_APPLY_SPILL_MESSAGES                                                   
STREAMS$_INTERNAL_TRANSFORM                                                     
DBMS_LOCK_ALLOCATED                                                             
DBMS_ALERT_INFO                                                                 
SCHEDULER$_EVENT_QTAB                                                           
AQ$_SCHEDULER$_EVENT_QTAB_S                                                     

TABLE_NAME                                                                      
------------------------------------------------------------                    
AQ$_SCHEDULER$_EVENT_QTAB_L                                                     
SYS_IOT_OVER_12469                                                              
SCHEDULER$_REMDB_JOBQTAB                                                        
AQ$_SCHEDULER$_REMDB_JOBQTAB_S                                                  
AQ$_SCHEDULER$_REMDB_JOBQTAB_L                                                  
SYS_IOT_OVER_12504                                                              
SCHEDULER_FILEWATCHER_QT                                                        
AQ$_SCHEDULER_FILEWATCHER_QT_S                                                  
AQ$_SCHEDULER_FILEWATCHER_QT_L                                                  
SYS_IOT_OVER_12534                                                              
ALERT_QT                                                                        

TABLE_NAME                                                                      
------------------------------------------------------------                    
AQ$_ALERT_QT_S                                                                  
AQ$_ALERT_QT_L                                                                  
SYS_IOT_OVER_12590                                                              
HS$_FDS_CLASS                                                                   
HS$_FDS_INST                                                                    
HS$_BASE_CAPS                                                                   
HS$_CLASS_CAPS                                                                  
HS$_INST_CAPS                                                                   
HS$_BASE_DD                                                                     
HS$_CLASS_DD                                                                    
HS$_INST_DD                                                                     

TABLE_NAME                                                                      
------------------------------------------------------------                    
HS$_CLASS_INIT                                                                  
HS$_INST_INIT                                                                   
HS$_FDS_CLASS_DATE                                                              
HS_BULKLOAD_VIEW_OBJ                                                            
HS$_PARALLEL_METADATA                                                           
HS_PARTITION_COL_NAME                                                           
HS_PARTITION_COL_TYPE                                                           
HS$_PARALLEL_PARTITION_DATA                                                     
HS$_PARALLEL_HISTOGRAM_DATA                                                     
HS$_PARALLEL_SAMPLE_DATA                                                        
AQ$_MEM_MC                                                                      

TABLE_NAME                                                                      
------------------------------------------------------------                    
AQ$_AQ$_MEM_MC_S                                                                
AQ$_AQ$_MEM_MC_L                                                                
SYS_IOT_OVER_12764                                                              
AQ_EVENT_TABLE                                                                  
AQ_PROP_TABLE                                                                   
AQ$_AQ_PROP_TABLE_S                                                             
AQ$_AQ_PROP_TABLE_L                                                             
SYS_IOT_OVER_12800                                                              
KUPC$DATAPUMP_QUETAB                                                            
AQ$_KUPC$DATAPUMP_QUETAB_S                                                      
AQ$_KUPC$DATAPUMP_QUETAB_L                                                      

TABLE_NAME                                                                      
------------------------------------------------------------                    
SYS_IOT_OVER_12979                                                              
SYS$SERVICE_METRICS_TAB                                                         
AQ$_SYS$SERVICE_METRICS_TAB_S                                                   
AQ$_SYS$SERVICE_METRICS_TAB_L                                                   
SYS_IOT_OVER_13103                                                              
XDB_INSTALLATION_TAB                                                            
EPG$_AUTH                                                                       
NET$_ACL                                                                        
WALLET$_ACL                                                                     
ATEMPTAB$                                                                       
SQLLOG$                                                                         

TABLE_NAME                                                                      
------------------------------------------------------------                    
SQLOBJ$                                                                         
SQLOBJ$DATA                                                                     
MAP_OBJECT                                                                      
CLUSTER_DATABASES                                                               
CLUSTER_NODES                                                                   
CLUSTER_INSTANCES                                                               
COL_GROUP_USAGE$                                                                
FINALHIST$                                                                      
PSTUBTBL                                                                        
WRI$_ADV_ASA_RECO_DATA                                                          
PLAN_TABLE$                                                                     

TABLE_NAME                                                                      
------------------------------------------------------------                    
CHNF$_QUERY_DELTAS                                                              
KU$NOEXP_TAB                                                                    
KU$_LIST_FILTER_TEMP                                                            
KU$_LIST_FILTER_TEMP_2                                                          
WRI$_SQLSET_PLANS_TOCAP                                                         
WRI$_SQLSET_STS_TOPACK                                                          
WRH$_FILESTATXS                                                                 
WRH$_SQLSTAT                                                                    
WRH$_SYSTEM_EVENT                                                               
WRH$_WAITSTAT                                                                   
WRH$_LATCH                                                                      

TABLE_NAME                                                                      
------------------------------------------------------------                    
WRH$_LATCH_CHILDREN                                                             
WRH$_LATCH_PARENT                                                               
WRH$_LATCH_MISSES_SUMMARY                                                       
WRH$_EVENT_HISTOGRAM                                                            
WRH$_DB_CACHE_ADVICE                                                            
WRH$_ROWCACHE_SUMMARY                                                           
WRH$_SGASTAT                                                                    
WRH$_SYSSTAT                                                                    
WRH$_SYS_TIME_MODEL                                                             
WRH$_OSSTAT                                                                     
WRH$_PARAMETER                                                                  

TABLE_NAME                                                                      
------------------------------------------------------------                    
WRH$_MVPARAMETER                                                                
WRH$_SEG_STAT                                                                   
WRH$_DLM_MISC                                                                   
WRH$_INST_CACHE_TRANSFER                                                        
WRH$_ACTIVE_SESSION_HISTORY                                                     
WRH$_TABLESPACE_STAT                                                            
WRH$_SERVICE_STAT                                                               
WRH$_SERVICE_WAIT_CLASS                                                         
WRH$_INTERCONNECT_PINGS                                                         
WRR$_REPLAY_SCN_ORDER                                                           
WRR$_REPLAY_SEQ_DATA                                                            

TABLE_NAME                                                                      
------------------------------------------------------------                    
WRR$_REPLAY_DATA                                                                
WRR$_WORKLOAD_ATTRIBUTES                                                        
ODCI_SECOBJ$                                                                    
ODCI_WARNINGS$                                                                  
ODCI_PMO_ROWIDS$                                                                
TTS_TBS$                                                                        
TTS_USR$                                                                        
TTS_ERROR$                                                                      
WRI$_OPTSTAT_SYNOPSIS$                                                          
STREAMS$_APPLY_SPILL_MSGS_PART                                                  
STREAMS$_COMPONENT_IN                                                           

TABLE_NAME                                                                      
------------------------------------------------------------                    
STREAMS$_COMPONENT_LINK_IN                                                      
STREAMS$_COMPONENT_PROP_IN                                                      
STREAMS$_COMPONENT_STAT_IN                                                      
STREAMS$_COMPONENT_EVENT_IN                                                     
STREAMS$_LOCAL_FINDINGS_IN                                                      
STREAMS$_LOCAL_RECS_IN                                                          
STREAMS$_LOCAL_ACTIONS_IN                                                       
STREAMS$_COMPONENT_STAT_OUT                                                     
STREAMS$_PATH_STAT_OUT                                                          
STREAMS$_PATH_BOTTLENECK_OUT                                                    
AQ$_SCHEDULER$_EVENT_QTAB_T                                                     

TABLE_NAME                                                                      
------------------------------------------------------------                    
AQ$_SCHEDULER$_EVENT_QTAB_H                                                     
AQ$_SCHEDULER$_EVENT_QTAB_I                                                     
AQ$_SCHEDULER$_REMDB_JOBQTAB_T                                                  
AQ$_SCHEDULER$_REMDB_JOBQTAB_H                                                  
AQ$_SCHEDULER$_REMDB_JOBQTAB_I                                                  
AQ$_SCHEDULER_FILEWATCHER_QT_T                                                  
AQ$_SCHEDULER_FILEWATCHER_QT_H                                                  
AQ$_SCHEDULER_FILEWATCHER_QT_I                                                  
AQ$_ALERT_QT_T                                                                  
AQ$_ALERT_QT_H                                                                  
AQ$_ALERT_QT_I                                                                  

TABLE_NAME                                                                      
------------------------------------------------------------                    
AQ$_AQ$_MEM_MC_T                                                                
AQ$_AQ$_MEM_MC_H                                                                
AQ$_AQ$_MEM_MC_I                                                                
AQ$_AQ_PROP_TABLE_T                                                             
AQ$_AQ_PROP_TABLE_H                                                             
AQ$_AQ_PROP_TABLE_I                                                             
IMPDP_STATS                                                                     
KU$_DATAPUMP_MASTER_11_2                                                        
KU$_DATAPUMP_MASTER_11_1_0_7                                                    
KU$_DATAPUMP_MASTER_11_1                                                        
KU$_DATAPUMP_MASTER_10_1                                                        

TABLE_NAME                                                                      
------------------------------------------------------------                    
AQ$_KUPC$DATAPUMP_QUETAB_T                                                      
AQ$_KUPC$DATAPUMP_QUETAB_H                                                      
AQ$_KUPC$DATAPUMP_QUETAB_I                                                      
AQ$_SYS$SERVICE_METRICS_TAB_T                                                   
AQ$_SYS$SERVICE_METRICS_TAB_H                                                   
AQ$_SYS$SERVICE_METRICS_TAB_I                                                   
AQ$_SYS$SERVICE_METRICS_TAB_G                                                   
AQ$_KUPC$DATAPUMP_QUETAB_G                                                      
AQ$_AQ_PROP_TABLE_G                                                             
AQ$_AQ$_MEM_MC_G                                                                
AQ$_ALERT_QT_G                                                                  

TABLE_NAME                                                                      
------------------------------------------------------------                    
AQ$_SCHEDULER_FILEWATCHER_QT_G                                                  
AQ$_SCHEDULER$_REMDB_JOBQTAB_G                                                  
AQ$_SCHEDULER$_EVENT_QTAB_G                                                     
RECENT_RESOURCE_INCARNATIONS$                                                   
CHNF$_GROUP_FILTER_IOT                                                          
CHNF$_CLAUSES                                                                   
RULE_SET_ROP$                                                                   
RULE_SET_IOT$                                                                   
RULE_SET_PR$                                                                    
UTL_RECOMP_COMPILED                                                             
UTL_RECOMP_SORTED                                                               

935 rows selected.

SQL> CONN JS/1234
Connected.
SQL> SELECT TABLE_NAME FROM USER_TABLES;

TABLE_NAME                                                                      
------------------------------------------------------------                    
MEMBER2                                                                         

SQL> CREATE TABLE MEMBER(
  2  ID NUMBER PRIMARY KEY
  3  , ENAME VARCHAR2(20) NOT NULL
  4  , EMAIL VARCHAR2(25) UNIQUE
  5  , REGDATE DATE DEFAULT SYSDATE);

Table created.

SQL> SET LINE 400;
SQL> INSERT INTO MEMBER(ID, ENAME, EMAIL, REGDATE)
  2  VALUES(SEQ_MEMBER3.NEXTVAL, 'LEE', 'NAVER');
VALUES(SEQ_MEMBER3.NEXTVAL, 'LEE', 'NAVER')
*
ERROR at line 2:
ORA-00947: not enough values 


SQL> INSERT INTO MEMBER(ID, ENAME, EMAIL)
  2  VALUES(SEQ_MEMBER3.NEXTVAL, 'LEE', 'NAVER');
VALUES(SEQ_MEMBER3.NEXTVAL, 'LEE', 'NAVER')
       *
ERROR at line 2:
ORA-02289: sequence does not exist 


SQL> SHOW USER;
USER is "JS"
SQL> SELECT SEQUENCE_NAME FROM USER_SEQUENCE;
SELECT SEQUENCE_NAME FROM USER_SEQUENCE
                          *
ERROR at line 1:
ORA-00942: table or view does not exist 


SQL> CREATE SEQUENCE SEQ_MEM;

Sequence created.

SQL> DROP SEQUENCE SEQ_MEMBER;
DROP SEQUENCE SEQ_MEMBER
              *
ERROR at line 1:
ORA-02289: sequence does not exist 


SQL> DROP SEQUENCE SEQ_MEM;

Sequence dropped.

SQL> CREATE SEQUENCE SEQ_MEMBER
  2  INCREMENT 1
  3  START WITH 1;
INCREMENT 1
          *
ERROR at line 2:
ORA-00924: missing BY keyword 


SQL> CREATE SEQUENCE SEQ_MEMBER
  2  INCREMENT BY 1
  3  START WITH 1;

Sequence created.

SQL> INSERT INTO MEMBER(ID, ENAME, EMAIL)
  2  VALUES(SEQ_MEMBER.NEXTVAL, 'LEE', 'NAVER');

1 row created.

SQL> SELECT * FROM MEMBER;

        ID ENAME                                    EMAIL                                              REGDATE                                                                                                                                                                                                                                                                                                  
---------- ---------------------------------------- -------------------------------------------------- --------                                                                                                                                                                                                                                                                                                 
         1 LEE                                      NAVER                                              25/05/08                                                                                                                                                                                                                                                                                                 

SQL> INSERT INTO MEMBER(ID, ENAME, EMAIL)
  2  VALUES(SEQ_MEMBER.NEXTVAL, 'DANG', 'HANYANG');

1 row created.

SQL> SELECT * FROM MEMBER;

        ID ENAME                                    EMAIL                                              REGDATE                                                                                                                                                                                                                                                                                                  
---------- ---------------------------------------- -------------------------------------------------- --------                                                                                                                                                                                                                                                                                                 
         1 LEE                                      NAVER                                              25/05/08                                                                                                                                                                                                                                                                                                 
         2 DANG                                     HANYANG                                            25/05/08                                                                                                                                                                                                                                                                                                 

SQL> --REGDATE    ROW     
SQL> INSERT INTO MEMBER(ID, ENAME, EMAIL)
  2  VALUES(3, 'GII', 'TAEWOOK');

1 row created.

SQL> SELECT * FROM MEMBER;

        ID ENAME                                    EMAIL                                              REGDATE                                                                                                                                                                                                                                                                                                  
---------- ---------------------------------------- -------------------------------------------------- --------                                                                                                                                                                                                                                                                                                 
         1 LEE                                      NAVER                                              25/05/08                                                                                                                                                                                                                                                                                                 
         2 DANG                                     HANYANG                                            25/05/08                                                                                                                                                                                                                                                                                                 
         3 GII                                      TAEWOOK                                            25/05/08                                                                                                                                                                                                                                                                                                 

SQL> INSERT INTO MEMBER(ID, ENAME, EMAIL)
  2  VALUES(SEQ_MEMBER.NEXTVAL, 'LES', 'DAUM');
INSERT INTO MEMBER(ID, ENAME, EMAIL)
*
ERROR at line 1:
ORA-00001: unique constraint (JS.SYS_C007011) violated 


SQL> INSERT INTO MEMBER(ID, ENAME, EMAIL)
  2  VALUES(SEQ_MEMBER.NEXTVAL
  3  , 'LES'
  4  , 'DAUM')
  5  ;

1 row created.

SQL> SELECT * FROM MEMBER;

        ID ENAME                                    EMAIL                                              REGDATE                                                                                                                                                                                                                                                                                                  
---------- ---------------------------------------- -------------------------------------------------- --------                                                                                                                                                                                                                                                                                                 
         1 LEE                                      NAVER                                              25/05/08                                                                                                                                                                                                                                                                                                 
         2 DANG                                     HANYANG                                            25/05/08                                                                                                                                                                                                                                                                                                 
         3 GII                                      TAEWOOK                                            25/05/08                                                                                                                                                                                                                                                                                                 
         4 LES                                      DAUM                                               25/05/08                                                                                                                                                                                                                                                                                                 

SQL> INSERT INTO MEMBER(ID, ENAME, EMAIL)
  2  VALUES(5, 'DANGU', 'HANYANGDAE');

1 row created.

SQL> INSERT INTO MEMBER(ID, ENAME, EMAIL)
  2  VALUES(SEQ_MEMBER.NEXTVAL, 'LSH', 'DAUMDAUM');
INSERT INTO MEMBER(ID, ENAME, EMAIL)
*
ERROR at line 1:
ORA-00001: unique constraint (JS.SYS_C007011) violated 


SQL> SELECT * FROM MEMBER;

        ID ENAME                                    EMAIL                                              REGDATE                                                                                                                                                                                                                                                                                                  
---------- ---------------------------------------- -------------------------------------------------- --------                                                                                                                                                                                                                                                                                                 
         1 LEE                                      NAVER                                              25/05/08                                                                                                                                                                                                                                                                                                 
         2 DANG                                     HANYANG                                            25/05/08                                                                                                                                                                                                                                                                                                 
         3 GII                                      TAEWOOK                                            25/05/08                                                                                                                                                                                                                                                                                                 
         4 LES                                      DAUM                                               25/05/08                                                                                                                                                                                                                                                                                                 
         5 DANGU                                    HANYANGDAE                                         25/05/08                                                                                                                                                                                                                                                                                                 

SQL> INSERT INTO MEMBER(ID, ENAME, EMAIL)
  2  VALUES(SEQ_MEMBER.NEXTVAL, 'LSH', 'DAUMDAUM');

1 row created.

SQL> SELECT * FROM MEMBER;

        ID ENAME                                    EMAIL                                              REGDATE                                                                                                                                                                                                                                                                                                  
---------- ---------------------------------------- -------------------------------------------------- --------                                                                                                                                                                                                                                                                                                 
         1 LEE                                      NAVER                                              25/05/08                                                                                                                                                                                                                                                                                                 
         2 DANG                                     HANYANG                                            25/05/08                                                                                                                                                                                                                                                                                                 
         3 GII                                      TAEWOOK                                            25/05/08                                                                                                                                                                                                                                                                                                 
         4 LES                                      DAUM                                               25/05/08                                                                                                                                                                                                                                                                                                 
         5 DANGU                                    HANYANGDAE                                         25/05/08                                                                                                                                                                                                                                                                                                 
         6 LSH                                      DAUMDAUM                                           25/05/08                                                                                                                                                                                                                                                                                                 

6 rows selected.

SQL> --SEQUENCE    
SQL> --  SEQ    
SQL> --   
SQL> INSERT INTO MEMBER(ID, ENAME, EMAIL)
  2  VALUES(8, 'LSH', 'DAUMDAUM');
INSERT INTO MEMBER(ID, ENAME, EMAIL)
*
ERROR at line 1:
ORA-00001: unique constraint (JS.SYS_C007012) violated 


SQL> INSERT INTO MEMBER(ID, ENAME, EMAIL)
  2  VALUES(8, 'LSH', 'DAUMDAUM');
INSERT INTO MEMBER(ID, ENAME, EMAIL)
*
ERROR at line 1:
ORA-00001: unique constraint (JS.SYS_C007012) violated 


SQL> INSERT INTO MEMBER(ID, ENAME, EMAIL)
  2  VALUES(8
  3  , 'SOO'
  4  , 'YAHOO');

1 row created.

SQL> SELECT * FROM MEMBER;

        ID ENAME                                    EMAIL                                              REGDATE                                                                                                                                                                                                                                                                                                  
---------- ---------------------------------------- -------------------------------------------------- --------                                                                                                                                                                                                                                                                                                 
         1 LEE                                      NAVER                                              25/05/08                                                                                                                                                                                                                                                                                                 
         2 DANG                                     HANYANG                                            25/05/08                                                                                                                                                                                                                                                                                                 
         3 GII                                      TAEWOOK                                            25/05/08                                                                                                                                                                                                                                                                                                 
         4 LES                                      DAUM                                               25/05/08                                                                                                                                                                                                                                                                                                 
         5 DANGU                                    HANYANGDAE                                         25/05/08                                                                                                                                                                                                                                                                                                 
         6 LSH                                      DAUMDAUM                                           25/05/08                                                                                                                                                                                                                                                                                                 
         8 SOO                                      YAHOO                                              25/05/08                                                                                                                                                                                                                                                                                                 

7 rows selected.

SQL> --   ,,?
SQL> SPOLL OFF;
SP2-0042: unknown command "SPOLL OFF" - rest of line ignored.
SQL> SPOOL OFF;
